0.1980000000
0.0000000000
0.0000000000
0.0000000000
0.0000000000
0.0000000000
0.2181818324
0.0909087717
0.2000000780
0.2181818324
0.2727274855
