0.1730000000
0.0000000000
0.0000000000
0.0000000000
0.0000000000
0.0000000000
0.2181818497
0.0909083816
0.2000001734
0.2181818497
0.2727277456
