0.1980000000
0.0000000000
0.0000000000
0.0000000000
0.0000000000
0.0000000000

