0.9260000000
0.0000000000
0.0000000000
0.0000000000
0.0000000000
0.0000000000

