0.0454186574
0.0101749590
0.0022342353
0.0004805921
0.0001012955
0.0000209424
0.0000042542
0.0000008509
0.0000001679
0.0000000328
0.0000000063
0.0000000012
0.0000000002
0.0000000000
0.0000000000
0.0000000000
0.0000000000
0.0000000000
0.0000000000
0.0000000000
