0.0790974197
0.0286089819
0.0178586837
0.0117624712
0.0072249027
0.0043159765
0.0025326258
0.0014696482
0.0008472678
0.0004866033
0.0002788522
0.0001595967
0.0000912764
0.0000521811
0.0000298239
0.0000170434
0.0000097390
0.0000055649
0.0000031797
0.0000018168
