7.4230000000
0.0000000000
0.0000000000
0.0000000000
0.0000000000
0.0000000000

