0.1093219111
0.0851317518
0.0561192014
0.0385038793
0.0226048294
0.0127031970
0.0066963396
0.0034607061
0.0017552400
0.0008851530
0.0004441916
0.0002225750
0.0001113894
0.0000557248
0.0000278688
0.0000139363
0.0000069685
0.0000034844
0.0000017422
0.0000008711
