5.4460000000
0.0000000000
0.0000000000
0.0000000000
0.0000000000
0.0000000000

