8.0160000000
0.0000000000
0.0000000000
0.0000000000
0.0000000000
0.0000000000

