0.2070000000
0.0000000000
0.0000000000
0.0000000000
0.0000000000
0.0000000000
0.2000012120
0.2000005384
0.1999999361
0.1999993975
0.1999989161
