0.1456135236
0.0364168218
0.0122300997
0.0032573911
0.0008701304
0.0002288630
0.0000601690
0.0000158037
0.0000041507
0.0000010901
0.0000002863
0.0000000752
0.0000000197
0.0000000052
0.0000000014
0.0000000004
0.0000000001
0.0000000000
0.0000000000
0.0000000000
