0.0039557353
0.0019442609
0.0012186235
0.0007779573
0.0004807870
0.0002889277
0.0001707002
0.0000997396
0.0000579011
0.0000334815
0.0000193175
0.0000111309
0.0000064089
0.0000036885
0.0000021223
0.0000012210
0.0000007024
0.0000004040
0.0000002324
0.0000001337
0.0000000769
0.0000000442
0.0000000254
0.0000000146
0.0000000084
0.0000000048
0.0000000028
0.0000000016
0.0000000009
0.0000000005
