0.0047714829
0.0021899811
0.0013449659
0.0010347654
0.0008274807
0.0006656931
0.0005281757
0.0004147568
0.0003220694
0.0002481091
0.0001899120
0.0001446359
0.0001097223
0.0000829866
0.0000626212
0.0000471710
0.0000354856
0.0000266683
0.0000200267
0.0000150306
0.0000112761
0.0000084567
0.0000063407
0.0000047533
0.0000035628
0.0000026702
0.0000020011
0.0000014996
0.0000011237
0.0000008420
