0.5120000000
0.0000000000
0.0000000000
0.0000000000
0.0000000000
0.0000000000

