14.7249965581
 7.3259027581
 5.3442206760
 4.8438389816
 4.7136303298
 4.6795724769
 4.6706356437
 4.6682892996
 4.6676731371
 4.6675113228
 4.6674688270
 4.6674576668
 4.6674547359
 4.6674539661
 4.6674537640
 4.6674537109
 4.6674536970
 4.6674536933
 4.6674536923
 4.6674536921
