2.0160000000
1.0920000000
1.0870000000
1.0870000000
1.0870000000
1.0870000000
0.1999998682
0.1999999414
0.2000000070
0.2000000655
0.2000001179
