1.2770000000
0.7120000000
0.6730000000
0.6680000000
0.6940000000
0.6780000000
1.0000000000
