0.1938000000
0.2020000000
0.1940000000
0.1900000000
0.1910000000
0.1920000000
0.2000000000
0.2000000000
0.2000000000
0.2000000000
0.2000000000
