0.0207110769
0.0143259653
0.0090671641
0.0054691443
0.0032000819
0.0018371051
0.0010427665
0.0005880292
0.0003303644
0.0001852140
0.0001037147
0.0000580389
0.0000324665
0.0000181578
0.0000101540
0.0000056779
0.0000031748
0.0000017752
0.0000009926
0.0000005550
0.0000003103
0.0000001735
0.0000000970
0.0000365348
0.0000269530
0.0000198832
0.0000146673
0.0000108194
0.0000079808
0.0000058869
