3.6280000000
3.6860000000
3.6180000000
3.6040000000
3.6330000000
3.5990000000
0.4626865672
0.0597014925
0.0597014925
0.0597014925
0.0597014925
0.0597014925
0.0597014925
0.0597014925
0.0597014925
0.0597014925
