440.2118193794
376.8738110846
329.9146941154
294.5846408895
268.3231158249
248.7470190579
234.0738826343
223.0890310093
214.8699252197
208.7171043896
204.1111795710
200.6629615968
198.0813126908
196.1483197202
194.7009348593
193.6171150151
192.8055143449
192.1977460985
191.7426098348
191.4017696834
