0.0287859506
0.0192229457
0.0118003810
0.0069314149
0.0039624530
0.0022280422
0.0012408470
0.0006873245
0.0003795712
0.0002092651
0.0001152652
0.0000634568
0.0000349249
0.0000192188
0.0000105749
0.0000058185
0.0000032013
0.0000017614
0.0000009691
0.0000005332
0.0000002933
0.0000001614
0.0000000888
0.0000409443
0.0000299450
0.0000218998
0.0000160157
0.0000117123
0.0000085651
0.0000062635
