0.0030823778
0.0026616605
0.0022529462
0.0018684835
0.0015207421
0.0012171957
0.0009603386
0.0007486462
0.0005779364
0.0004426773
0.0003369940
0.0002553175
0.0001927263
0.0001450710
0.0001089666
0.0000817156
0.0000612051
0.0000458009
0.0000342501
0.0000255992
0.0000191259
0.0000142855
0.0000106678
0.0000079649
0.0000059462
0.0000044387
0.0000033132
0.0000024729
0.0000018457
0.0000013775
