0.0410895382
0.0247336961
0.0140158059
0.0076654478
0.0041083503
0.0021773402
0.0011469954
0.0006022883
0.0003157278
0.0001653619
0.0000865676
0.0000453075
0.0000237098
0.0000124068
0.0000064919
0.0000033969
0.0000017774
0.0000009300
0.0000004866
0.0000002546
0.0000001332
0.0000000697
0.0000474449
0.0000337782
0.0000240477
0.0000171200
0.0000121878
0.0000086766
0.0000061768
0.0000043972
