6.2053581563
4.9390958794
4.7450829423
4.6874259115
4.6727201425
4.6688352828
4.6678166004
4.6675489940
4.6674787206
4.6674602650
4.6674554182
4.6674541453
4.6674538111
4.6674537233
4.6674537002
4.6674536942
4.6674536926
4.6674536921
4.6674536920
4.6674536920
