1.4328000000
1.4420000000
1.4310000000
1.4300000000
1.4310000000
1.4300000000
0.2181818645
0.0909090664
0.2000000134
0.2181818025
0.2727272531
