0.0063953497
0.0050758141
0.0034346908
0.0021715707
0.0013199010
0.0007822602
0.0004563983
0.0002637832
0.0001516180
0.0000868687
0.0000496792
0.0000283810
0.0000162038
0.0000092482
0.0000052773
0.0000030110
0.0000017179
0.0000009801
0.0000005591
0.0000003190
0.0000001820
0.0000001038
0.0000000592
0.0000113622
0.0000084740
0.0000063195
0.0000047124
0.0000035139
0.0000026201
0.0000019536
