0.0227849455
0.0189473710
0.0154306941
0.0123284789
0.0096879196
0.0075078088
0.0057527164
0.0043682723
0.0032936444
0.0024698797
0.0018444567
0.0013730762
0.0010197500
0.0007560047
0.0005597353
0.0004140143
0.0003060075
0.0002260555
0.0001669264
0.0001232273
0.0000909483
0.0000671139
0.0000495197
0.0000365348
0.0000269530
0.0000198832
0.0000146673
0.0000108194
0.0000079808
0.0000058869
