0.0047717834
0.0040857095
0.0034278096
0.0028189826
0.0022766328
0.0018096585
0.0014192156
0.0011006952
0.0008460235
0.0006456572
0.0004900059
0.0003702795
0.0002788846
0.0002095213
0.0001571106
0.0001176412
0.0000879923
0.0000657624
0.0000491188
0.0000366708
0.0000273681
0.0000204202
0.0000152332
0.0000113622
0.0000084740
0.0000063195
0.0000047124
0.0000035139
0.0000026201
0.0000019536
