0.0331468852
0.0271084922
0.0217102097
0.0170635161
0.0132000232
0.0100792335
0.0076167004
0.0057092309
0.0042527970
0.0031529061
0.0023291512
0.0017160394
0.0012618207
0.0009264726
0.0006795150
0.0004979901
0.0003647449
0.0002670373
0.0001954423
0.0001430096
0.0001046259
0.0000765349
0.0000559810
0.0000409443
0.0000299450
0.0000218998
0.0000160157
0.0000117123
0.0000085651
0.0000062635
