3.0670000000
3.1890000000
3.0400000000
3.0360000000
3.0350000000
3.0350000000
0.2000000000
0.2000000000
0.2000000000
0.2000000000
0.2000000000
