0.7500000000
0.2000000000
0.2000000000
0.2000000000
0.2000000000
0.2000000000
