0.0167601472
0.0124959087
0.0082596914
0.0051287649
0.0030668629
0.0017902717
0.0010297592
0.0005871818
0.0003331389
0.0001884645
0.0001064448
0.0000600645
0.0000338754
0.0000190995
0.0000107668
0.0000060689
0.0000034207
0.0000019280
0.0000010866
0.0000006124
0.0000003452
0.0000001945
0.0000001096
0.0000000618
0.0000253379
0.0000187725
0.0000139076
0.0000103031
0.0000076326
0.0000056542
