3.5006000000
3.5690000000
3.4870000000
3.4790000000
3.4880000000
3.4800000000
0.4626865672
0.0597014925
0.0597014925
0.0597014925
0.0597014925
0.0597014925
0.0597014925
0.0597014925
0.0597014925
0.0597014925
