1.4940000000
1.5530000000
1.4800000000
1.4750000000
1.4730000000
1.4890000000
0.2181818424
0.0909085471
0.2000001329
0.2181818424
0.2727276353
