3.0262000000
3.1150000000
3.0070000000
3.0040000000
3.0030000000
3.0020000000
0.2000000000
0.2000000000
0.2000000000
0.2000000000
0.2000000000
