1.5208000000
1.5600000000
1.5200000000
1.5260000000
1.4820000000
1.5160000000
0.2181818318
0.0909087835
0.2000000751
0.2181818318
0.2727274776
