12.6509391086
 8.6317881121
 6.6409366662
 5.6513900762
 5.1585026182
 4.9127262762
 4.7900194966
 4.7287189975
 4.6980816828
 4.6827665549
 4.6751098278
 4.6712816886
 4.6693676718
 4.6684106774
 4.6679321835
 4.6676929375
 4.6675733147
 4.6675135033
 4.6674835977
 4.6674686448
