20.2458055521
14.9250577455
12.1569816269
10.5879113270
 9.6904300527
 9.1784952882
 8.8862613382
 8.7193845880
 8.6240707324
 8.5696231043
 8.5385174272
 8.5207459860
 8.5105924191
 8.5047911619
 8.5014765710
 8.4995827444
 8.4985006829
 8.4978824325
 8.4975291864
 8.4973273541
