0.0074682960
0.0061157807
0.0041680669
0.0026316172
0.0015960693
0.0009439927
0.0005496610
0.0003170652
0.0001818934
0.0001040173
0.0000593747
0.0000338566
0.0000192942
0.0000109916
0.0000062605
0.0000035654
0.0000020304
0.0000011562
0.0000006584
0.0000003749
0.0000002135
0.0000001216
0.0000000692
0.0000000000
0.0000000000
0.0000000000
0.0000000000
0.0000000000
0.0000000000
0.0000000000
