1.78885
1.78885
1.78885
1.78885
1.78885
1.78885
1.78885
1.78885
1.78885
1.78885
1.78885
1.78885
1.78885
1.78885
1.78885
1.78885
1.78885
1.78885
1.78885
1.78885
