2.2364000000
2.2930000000
2.2240000000
2.2220000000
2.2220000000
2.2210000000
0.2000000000
0.2000000000
0.2000000000
0.2000000000
0.2000000000
