1.2320000000
0.6330000000
0.6910000000
0.6260000000
0.6250000000
0.6250000000
1.0000000000
