400.1122924737
313.5038955812
261.3790749538
231.1028786193
213.7861498078
203.8451256409
198.1304671417
194.8434754012
192.9518602600
191.8630053836
191.2361364000
190.8752066073
190.6673838767
190.5477161608
190.4788082701
190.4391288320
190.4162799619
190.4031227014
190.3955462279
190.3911833884
