0.2392000000
0.2440000000
0.2380000000
0.2390000000
0.2370000000
0.2380000000
0.2181818182
0.0909090909
0.2000000000
0.2181818182
0.2727272727
