0.0175164466
0.0148383924
0.0123040541
0.0099986508
0.0079801181
0.0062710405
0.0048645848
0.0037340292
0.0028422830
0.0021493413
0.0016171133
0.0012119677
0.0009056570
0.0006752627
0.0005026415
0.0003736825
0.0002775512
0.0002060074
0.0001528265
0.0001133309
0.0000840184
0.0000622743
0.0000461504
0.0000341973
0.0000253379
0.0000187725
0.0000139076
0.0000103031
0.0000076326
0.0000056542
