0.6970000000
0.7930000000
0.6760000000
0.6720000000
0.6720000000
0.6720000000
0.2000000000
0.2000000000
0.2000000000
0.2000000000
0.2000000000
