0.0135815454
0.0116690320
0.0098119966
0.0080804269
0.0065289472
0.0051877046
0.0040636228
0.0031457750
0.0024121399
0.0018356793
0.0013887713
0.0010458996
0.0007849470
0.0005875513
0.0004389218
0.0003274003
0.0002439408
0.0001816042
0.0001351125
0.0001004762
0.0000746930
0.0000555117
0.0000412482
0.0000306453
0.0000227655
0.0000169105
0.0000125606
0.0000093292
0.0000069289
0.0000051460
