20.68669
17.55788
15.28931
13.59111
12.31759
11.36246
10.64611
10.10885
 9.70590
 9.40369
 9.17703
 9.00704
 8.87954
 8.78392
 8.71221
 8.65842
 8.61808
 8.58782
 8.56513
 8.54811
